Up to date
| Run Testsuite GetExtraDeps: none
| Create directory _build/stage1/haddock-timing-files
| Run Haddock BuildPackage: libraries/ghc-prim/GHC/CString.hs (and 12 more) => _build/doc/html/libraries/ghc-prim-0.9.1/ghc-prim.haddock
| Create directory _build/stage1/haddock-timing-files
| Run Haddock BuildPackage: libraries/ghc-bignum/src/GHC/Num/Backend.hs (and 8 more) => _build/doc/html/libraries/ghc-bignum-1.3/ghc-bignum.haddock
| Create directory _build/stage1/haddock-timing-files
| Run Haddock BuildPackage: libraries/base/Control/Applicative.hs (and 260 more) => _build/doc/html/libraries/base-4.17.2.0/base.haddock
| Create directory _build/stage1/haddock-timing-files
| Run Haddock BuildPackage: libraries/transformers/Control/Applicative/Backwards.hs (and 25 more) => _build/doc/html/libraries/transformers-0.5.6.2/transformers.haddock
| Create directory _build/stage1/haddock-timing-files
| Run Haddock BuildPackage: libraries/terminfo/System/Console/Terminfo.hs (and 6 more) => _build/doc/html/libraries/terminfo-0.4.1.5/terminfo.haddock
| Create directory _build/stage1/haddock-timing-files
| Run Haddock BuildPackage: libraries/ghc-boot-th/GHC/ForeignSrcLang/Type.hs (and 2 more) => _build/doc/html/libraries/ghc-boot-th-9.4.7/ghc-boot-th.haddock
| Create directory _build/stage1/haddock-timing-files
| Run Haddock BuildPackage: libraries/integer-gmp/src/GHC/Integer/GMP/Internals.hs => _build/doc/html/libraries/integer-gmp-1.1/integer-gmp.haddock
| Create directory _build/stage1/haddock-timing-files
| Run Haddock BuildPackage: libraries/filepath/System/FilePath.hs (and 2 more) => _build/doc/html/libraries/filepath-1.4.2.2/filepath.haddock
| Create directory _build/stage1/haddock-timing-files
| Run Haddock BuildPackage: libraries/xhtml/Text/XHtml.hs (and 14 more) => _build/doc/html/libraries/xhtml-3000.2.2.1/xhtml.haddock
| Create directory _build/stage1/haddock-timing-files
| Run Haddock BuildPackage: libraries/array/Data/Array.hs (and 14 more) => _build/doc/html/libraries/array-0.5.4.0/array.haddock
| Create directory _build/stage1/haddock-timing-files
| Run Haddock BuildPackage: libraries/mtl/Control/Monad/Cont.hs (and 21 more) => _build/doc/html/libraries/mtl-2.2.2/mtl.haddock
| Create directory _build/stage1/haddock-timing-files
| Run Haddock BuildPackage: libraries/deepseq/Control/DeepSeq.hs (and 1 more) => _build/doc/html/libraries/deepseq-1.4.8.0/deepseq.haddock
| Create directory _build/stage1/haddock-timing-files
| Run Haddock BuildPackage: libraries/stm/Control/Concurrent/STM.hs (and 9 more) => _build/doc/html/libraries/stm-2.5.1.0/stm.haddock
| Create directory _build/stage1/haddock-timing-files
| Run Haddock BuildPackage: libraries/time/lib/Data/Format.hs (and 45 more) => _build/doc/html/libraries/time-1.12.2/time.haddock
| Create directory _build/stage1/haddock-timing-files
| Run Haddock BuildPackage: libraries/pretty/src/Text/PrettyPrint.hs (and 5 more) => _build/doc/html/libraries/pretty-1.1.3.6/pretty.haddock
| Create directory _build/stage1/haddock-timing-files
| Run Haddock BuildPackage: libraries/template-haskell/Language/Haskell/TH.hs (and 12 more) => _build/doc/html/libraries/template-haskell-2.19.0.0/template-haskell.haddock
| Create directory _build/stage1/haddock-timing-files
| Run Haddock BuildPackage: libraries/exceptions/src/Control/Monad/Catch.hs (and 1 more) => _build/doc/html/libraries/exceptions-0.10.5/exceptions.haddock
| Create directory _build/stage1/haddock-timing-files
| Run Haddock BuildPackage: libraries/containers/containers/src/Data/Containers/ListUtils.hs (and 36 more) => _build/doc/html/libraries/containers-0.6.7/containers.haddock
| Create directory _build/stage1/haddock-timing-files
| Run Haddock BuildPackage: libraries/bytestring/Data/ByteString.hs (and 25 more) => _build/doc/html/libraries/bytestring-0.11.5.2/bytestring.haddock
| Create directory _build/stage1/haddock-timing-files
| Run Haddock BuildPackage: libraries/ghc-heap/GHC/Exts/Heap.hs (and 14 more) => _build/doc/html/libraries/ghc-heap-9.4.7/ghc-heap.haddock
| Create directory _build/stage1/haddock-timing-files
| Run Haddock BuildPackage: libraries/unix/System/Posix.hs (and 38 more) => _build/doc/html/libraries/unix-2.7.3/unix.haddock
| Create directory _build/stage1/haddock-timing-files
| Run Haddock BuildPackage: libraries/binary/src/Data/Binary.hs (and 8 more) => _build/doc/html/libraries/binary-0.8.9.1/binary.haddock
| Create directory _build/stage1/haddock-timing-files
| Run Haddock BuildPackage: libraries/ghc-compact/GHC/Compact.hs (and 1 more) => _build/doc/html/libraries/ghc-compact-0.1.0.0/ghc-compact.haddock
| Create directory _build/stage1/haddock-timing-files
| Run Haddock BuildPackage: libraries/directory/System/Directory.hs (and 7 more) => _build/doc/html/libraries/directory-1.3.7.1/directory.haddock
| Create directory _build/stage1/haddock-timing-files
| Run Haddock BuildPackage: libraries/text/src/Data/Text.hs (and 45 more) => _build/doc/html/libraries/text-2.0.2/text.haddock
| Create directory _build/stage1/haddock-timing-files
| Run Haddock BuildPackage: libraries/process/System/Cmd.hs (and 4 more) => _build/doc/html/libraries/process-1.6.17.0/process.haddock
| Create directory _build/stage1/haddock-timing-files
| Run Haddock BuildPackage: libraries/hpc/Trace/Hpc/Mix.hs (and 3 more) => _build/doc/html/libraries/hpc-0.6.1.0/hpc.haddock
| Create directory _build/stage1/haddock-timing-files
| Run Haddock BuildPackage: libraries/ghc-boot/GHC/BaseDir.hs (and 13 more) => _build/doc/html/libraries/ghc-boot-9.4.7/ghc-boot.haddock
| Create directory _build/stage1/haddock-timing-files
| Run Haddock BuildPackage: libraries/parsec/src/Text/Parsec.hs (and 24 more) => _build/doc/html/libraries/parsec-3.1.16.1/parsec.haddock
| Create directory _build/stage1/haddock-timing-files
| Run Haddock BuildPackage: libraries/haskeline/System/Console/Haskeline.hs (and 26 more) => _build/doc/html/libraries/haskeline-0.8.2/haskeline.haddock
| Create directory _build/stage1/haddock-timing-files
| Run Haddock BuildPackage: libraries/ghci/GHCi/BinaryArray.hs (and 13 more) => _build/doc/html/libraries/ghci-9.4.7/ghci.haddock
| Create directory _build/stage1/haddock-timing-files
| Run Haddock BuildPackage: libraries/Cabal/Cabal-syntax/src/Distribution/Backpack.hs (and 136 more) => _build/doc/html/libraries/Cabal-syntax-3.8.1.0/Cabal-syntax.haddock
| Create directory _build/stage1/haddock-timing-files
| Run Haddock BuildPackage: compiler/GHC.hs (and 623 more) => _build/doc/html/libraries/ghc-9.4.7/ghc.haddock
| Create directory _build/stage1/haddock-timing-files
| Run Haddock BuildPackage: _build/stage1/libraries/libiserv/build/GHCi/Utils.hs (and 1 more) => _build/doc/html/libraries/libiserv-9.4.7/libiserv.haddock
| Create directory _build/stage1/haddock-timing-files
| Run Haddock BuildPackage: libraries/Cabal/Cabal/src/Distribution/Backpack/ComponentsGraph.hs (and 111 more) => _build/doc/html/libraries/Cabal-3.8.1.0/Cabal.haddock
# ghc-config (for _build/test/ghcconfig)
| Run Testsuite RunTest: none => none
/usr/bin/python3 testsuite/driver/runtests.py --rootdir=testsuite/tests --rootdir=libraries/binary/tests --rootdir=libraries/bytestring/tests --rootdir=libraries/directory/tests --rootdir=libraries/process/tests --rootdir=libraries/exceptions/tests --rootdir=libraries/ghc-heap/tests --rootdir=libraries/hpc/tests --rootdir=libraries/template-haskell/tests --rootdir=libraries/text/tests --rootdir=libraries/array/tests --rootdir=libraries/base/tests --rootdir=libraries/deepseq/tests --rootdir=libraries/exceptions/tests --rootdir=libraries/filepath/tests --rootdir=libraries/ghc-compact/tests --rootdir=libraries/ghc-prim/tests --rootdir=libraries/haskeline/tests --rootdir=libraries/pretty/tests --rootdir=libraries/stm/tests --rootdir=libraries/unix/tests --top /home/pepercr/Documents/ghc/testsuite -e windows=False -e darwin=False -e config.local=False -e config.cleanup=True -e config.accept=False -e config.accept_platform=False -e config.accept_os=False -e 'config.exeext='\'''\''' -e config.compiler_debugged=False -e ghc_with_native_codegen=True -e config.have_ncg=True -e config.have_llvm=False -e config.compiler_profiled=False -e config.have_RTS_linker=True -e 'config.package_conf_cache_file="/home/pepercr/Documents/ghc/_build/stage1/lib/package.conf.d/package.cache"' -e 'config.libdir="/home/pepercr/Documents/ghc/_build/stage1/lib"' -e config.have_interp=True -e config.unregisterised=False -e 'ghc_compiler_always_flags='\'' -dcore-lint -dstg-lint -dcmm-lint -no-user-package-db -rtsopts   -fno-warn-missed-specialisations -fshow-warning-groups -fdiagnostics-color=never -fno-diagnostics-show-caret -Werror=compat -dno-debug-output'\''' -e ghc_with_dynamic_rts=True -e ghc_with_threaded_rts=True -e config.have_fast_bignum=True -e ghc_with_smp=True -e config.ghc_dynamic=True -e config.leading_underscore=False -e 'config.wordsize="64"' -e 'config.os="linux"' -e 'config.arch="x86_64"' -e 'config.platform="x86_64-unknown-linux"' -e config.stage=2 --config gs=gs --config 'timeout_prog="/home/pepercr/Documents/ghc/_build/testsuite/timeout/install-inplace/bin/timeout"' --config stats_files_dir=_build/stage1/haddock-timing-files --threads=1 --config-file=testsuite/config/ghc -e config.speed=1 --summary-file=testsuite_summary.txt --verbose=2 --config 'compiler="/home/pepercr/Documents/ghc/_build/stage1/bin/ghc"' --config 'ghc_pkg="/home/pepercr/Documents/ghc/_build/stage1/bin/ghc-pkg"' --config 'haddock="/home/pepercr/Documents/ghc/_build/stage1/bin/haddock"' --config 'hp2ps="/home/pepercr/Documents/ghc/_build/stage1/bin/hp2ps"' --config 'hpc="/home/pepercr/Documents/ghc/_build/stage1/bin/hpc"' -e config.in_tree_compiler=True
Failed to find `llc` command; skipping LLVM ways...
Timeout is 300
Known ways: prof, normal_h, prof_hc_hb, prof_hb, prof_hd, prof_hy, prof_hr, sanity, threaded1_ls, threaded2_hT, debug_numa, llvm, debugllvm, profllvm, profoptllvm, profthreadedllvm, debug, ghci-ext, ghci-ext-prof, ext-interp, nonmoving, nonmoving_thr, nonmoving_thr_sanity, nonmoving_thr_ghc, compacting_gc
Run ways: normal, hpc, optasm, ghci, threaded1, threaded2, dyn, profasm, profthreaded
Compile ways: normal, hpc, optasm, profasm
Allowing performance changes in: 
Found 547 .T files...
Beginning test run at Thu Dec  7 22:36:07 2023 
Detected CPU features:  {'clflush', 'sse2', 'cpuid_fault', 'pat', 'pae', 'cx16', 'sse3', 'msr', 'flags', 'syscall', 'nopl', 'mce', 'apic', 'sse4_2', 'tsc_known_freq', 'pse36', 'lm', 'lahf_lm', 'fpu', 'pge', 'mca', 'nx', 'tsc', 'ht', 'aes', 'sep', 'pse', 'sse', 'cpuid', 'mmx', 'pti', 'x2apic', 'hypervisor', 'de', 'cx8', 'ssse3', ':', 'sse4_1', 'mtrr', 'fxsr', 'cmov', 'popcnt', 'xtopology', 'constant_tsc'}
--- "/tmp/ghctest-zndas13m/test   spaces/testsuite/tests/ghci/linking/T11531.run/T11531.stderr.normalised"	2023-12-07 22:58:40.201393725 -0500
+++ "/tmp/ghctest-zndas13m/test   spaces/testsuite/tests/ghci/linking/T11531.run/T11531.run.stderr.normalised"	2023-12-07 22:58:40.201393725 -0500
@@ -1,10 +0,0 @@
-
-GHC.Linker.Loader.dynLoadObjs: Loading temp shared object failed
-During interactive linking, GHCi couldn't find the following symbol:
-This may be due to you not asking GHCi to load extra object files,
-archives or DLLs needed by your current session.  Restart GHCi, specifying
-the missing library using the -L/path/to/object/dir and -lmissinglibname
-flags, or simply by naming the relevant files on the GHCi command line.
-Alternatively, this link failure might indicate a bug in GHCi.
-If you suspect the latter, please report this as a GHC bug:
-  https://www.haskell.org/ghc/reportabug
Found CPU features: clflush sse2 cpuid_fault pat pae cx16 sse3 msr flags syscall nopl mce apic sse4_2 tsc_known_freq pse36 lm lahf_lm fpu pge mca nx tsc ht aes sep pse sse cpuid mmx pti x2apic hypervisor de cx8 ssse3 : sse4_1 mtrr fxsr cmov popcnt xtopology constant_tsc
=====> 100 of 9049 [0, 0, 0]
=====> 200 of 9049 [0, 0, 0]
=====> 300 of 9049 [0, 0, 0]
=====> 400 of 9049 [0, 0, 0]
*** fragile test cgrun057(profasm) resulted in pass
=====> 500 of 9049 [0, 0, 0]
=====> 500 of 9049 [0, 0, 0]
*** fragile test concprog001(threaded2) resulted in pass
=====> 600 of 9049 [0, 0, 0]
*** fragile test T5611(normal) resulted in pass
*** fragile test T5611a(normal) resulted in pass
*** fragile test foreignInterruptible(ghci) resulted in pass
*** fragile test hs_try_putmvar003(threaded1) resulted in pass
=====> 800 of 9049 [0, 0, 0]
=====> 900 of 9049 [0, 0, 0]
=====> 1000 of 9049 [0, 0, 0]
=====> 1100 of 9049 [0, 0, 0]
=====> 1200 of 9049 [0, 0, 0]
=====> 1300 of 9049 [0, 0, 0]
=====> 1400 of 9049 [0, 0, 0]
=====> 1500 of 9049 [0, 0, 0]
=====> 1600 of 9049 [0, 0, 0]
=====> 1700 of 9049 [0, 0, 0]
=====> 1800 of 9049 [0, 0, 0]
=====> 1900 of 9049 [0, 0, 0]
Actual stderr output differs from expected:
*** fragile test T11531(normal) resulted in fail
=====> 2000 of 9049 [0, 0, 0]
=====> 2100 of 9049 [0, 0, 0]
=====> 2200 of 9049 [0, 0, 0]
=====> 2300 of 9049 [0, 0, 0]
*** fragile test T3171(normal) resulted in pass
=====> 2400 of 9049 [0, 0, 0]
=====> 2400 of 9049 [0, 0, 0]
=====> 2500 of 9049 [0, 0, 0]
=====> 2600 of 9049 [0, 0, 0]
=====> 2700 of 9049 [0, 0, 0]
=====> 2800 of 9049 [0, 0, 0]
=====> 2900 of 9049 [0, 0, 0]
=====> 3000 of 9049 [0, 0, 0]
=====> 3100 of 9049 [0, 0, 0]
=====> 3200 of 9049 [0, 0, 0]
=====> 3300 of 9049 [0, 0, 0]
=====> 3400 of 9049 [0, 0, 0]
=====> 3500 of 9049 [0, 0, 0]
=====> 3600 of 9049 [0, 0, 0]
=====> 3700 of 9049 [0, 0, 0]
=====> 3800 of 9049 [0, 0, 0]
=====> 3900 of 9049 [0, 0, 0]
=====> 4000 of 9049 [0, 0, 0]
=====> 4100 of 9049 [0, 0, 0]
=====> 4200 of 9049 [0, 0, 0]
=====> 4300 of 9049 [0, 0, 0]
=====> 4400 of 9049 [0, 0, 0]
=====> 4500 of 9049 [0, 0, 0]
=====> 4600 of 9049 [0, 0, 0]
=====> 4700 of 9049 [0, 0, 0]
=====> 4800 of 9049 [0, 0, 0]
=====> 4900 of 9049 [0, 0, 0]
=====> 5000 of 9049 [0, 0, 0]
*** fragile test heapprof001(profasm) resulted in pass
*** fragile test heapprof001(prof) resulted in pass
*** fragile test heapprof001(prof_hc_hb) resulted in pass
*** fragile test heapprof001(prof_hb) resulted in pass
*** fragile test heapprof001(prof_hd) resulted in pass
*** fragile test heapprof001(prof_hy) resulted in pass
*** fragile test heapprof001(prof_hr) resulted in pass
=====> 5100 of 9049 [0, 0, 0]
=====> 5100 of 9049 [0, 0, 0]
*** fragile test T5559(profasm) resulted in pass
*** fragile test T5559(prof) resulted in pass
*** fragile test T5559(ghci-ext-prof) resulted in pass
*** fragile test T15897(profasm) resulted in pass
*** fragile test T15897(profasm) resulted in pass
=====> 5200 of 9049 [0, 0, 0]
=====> 5300 of 9049 [0, 0, 0]
=====> 5400 of 9049 [0, 0, 0]
=====> 5500 of 9049 [0, 0, 0]
=====> 5600 of 9049 [0, 0, 0]
=====> 5700 of 9049 [0, 0, 0]
=====> 5800 of 9049 [0, 0, 0]
*** fragile test T-signals-child(threaded1) resulted in pass
=====> 6000 of 9049 [0, 0, 0]
=====> 6100 of 9049 [0, 0, 0]
=====> 6200 of 9049 [0, 0, 0]
=====> 6300 of 9049 [0, 0, 0]
=====> 6400 of 9049 [0, 0, 0]
=====> 6500 of 9049 [0, 0, 0]
=====> 6600 of 9049 [0, 0, 0]
=====> 6700 of 9049 [0, 0, 0]
=====> 6700 of 9049 [0, 0, 0]
=====> 6800 of 9049 [0, 0, 0]
=====> 6800 of 9049 [0, 0, 0]
=====> 6900 of 9049 [0, 0, 0]
=====> 6900 of 9049 [0, 0, 0]
=====> 7000 of 9049 [0, 0, 0]
=====> 7000 of 9049 [0, 0, 0]
=====> 7100 of 9049 [0, 0, 0]
=====> 7200 of 9049 [0, 0, 0]
=====> 7300 of 9049 [0, 0, 0]
=====> 7400 of 9049 [0, 0, 0]
=====> 7500 of 9049 [0, 0, 0]
=====> 7600 of 9049 [0, 0, 0]
=====> 7700 of 9049 [0, 0, 0]
=====> 7800 of 9049 [0, 0, 0]
=====> 7900 of 9049 [0, 0, 0]
=====> 8000 of 9049 [0, 0, 0]
=====> 8100 of 9049 [0, 0, 0]
=====> 8200 of 9049 [0, 0, 0]
=====> 8300 of 9049 [0, 0, 0]
=====> 8400 of 9049 [0, 0, 0]
=====> 8500 of 9049 [0, 0, 0]
=====> 8600 of 9049 [0, 0, 0]
=====> 8700 of 9049 [0, 0, 0]
*** fragile test CPUTime001(normal) resulted in pass
=====> 8800 of 9049 [0, 0, 0]
=====> 8900 of 9049 [0, 0, 0]
=====> 9000 of 9049 [0, 0, 0]
Wrong exit code for T16992(normal)(expected 0 , actual 137 )
Stderr ( T16992 ):
Killed
*** unexpected failure for T16992(normal)
Wrong exit code for T16992(compacting_gc)(expected 0 , actual 137 )
Stderr ( T16992 ):
Killed
*** unexpected failure for T16992(compacting_gc)

Performance Metrics (test environment: local):


Metrics: runtime/bytes allocated
--------------------------------

                                        Baseline                           
                         Test    Metric    value       New value Change    
---------------------------------------------------------------------------
          Conversions(normal) run/alloc                  107,064        NEW
           DeriveNull(normal) run/alloc              112,050,408        NEW
     InlineArrayAlloc(normal) run/alloc            1,600,040,712        NEW
 InlineByteArrayAlloc(normal) run/alloc            1,440,040,712        NEW
InlineCloneArrayAlloc(normal) run/alloc            1,600,040,872        NEW
          MethSharing(normal) run/alloc              480,097,720        NEW
               T10359(normal) run/alloc                  354,160        NEW
               T10678(normal) run/alloc               56,041,152        NEW
               T12990(normal) run/alloc               20,840,728        NEW
               T12996(normal) run/alloc                   78,456        NEW
               T13001(normal) run/alloc                   50,256        NEW
               T13191(normal) run/alloc              185,942,328        NEW
               T13218(normal) run/alloc               82,027,592        NEW
              T13536a(optasm) run/alloc                   86,280        NEW
               T13623(normal) run/alloc                   50,440        NEW
               T14936(normal) run/alloc                   50,720        NEW
               T14955(normal) run/alloc               48,050,296        NEW
               T15185(normal) run/alloc                   41,032        NEW
               T15226(normal) run/alloc                   40,736        NEW
              T15226a(normal) run/alloc                   40,736        NEW
               T15263(normal) run/alloc                1,061,504        NEW
               T15426(normal) run/alloc              192,040,872        NEW
               T15578(normal) run/alloc              400,040,976        NEW
               T16473(normal) run/alloc                   51,872        NEW
               T17123(normal) run/alloc                5,235,800        NEW
               T17499(normal) run/alloc               96,040,696        NEW
               T18574(normal) run/alloc                   50,344        NEW
               T19347(normal) run/alloc                  100,512        NEW
                T3586(normal) run/alloc               16,101,656        NEW
                T3738(normal) run/alloc                   50,112        NEW
                T3924(normal) run/alloc                   50,352        NEW
                T4267(normal) run/alloc                   40,712        NEW
               T4474a(normal) run/alloc            4,831,889,608        NEW
               T4474b(normal) run/alloc            4,831,889,608        NEW
               T4474c(normal) run/alloc            4,831,889,608        NEW
                T4830(normal) run/alloc                   97,736        NEW
                T4978(normal) run/alloc               90,123,944        NEW
                T5113(normal) run/alloc                8,058,144        NEW
                T5205(normal) run/alloc                   53,464        NEW
                T5237(normal) run/alloc                  103,848        NEW
                T5536(normal) run/alloc              890,732,352        NEW
                T5549(normal) run/alloc            5,793,139,688        NEW
                T5949(normal) run/alloc                  200,728        NEW
                T7257(normal) run/alloc            1,122,959,600        NEW
                T7619(normal) run/alloc                   40,712        NEW
                T7797(normal) run/alloc              480,050,144        NEW
                T7954(normal) run/alloc            1,280,050,600        NEW
                T8472(normal) run/alloc                   50,344        NEW
                 T876(normal) run/alloc                   56,648        NEW
                T8763(normal) run/alloc                   40,728        NEW
                T8766(normal) run/alloc               16,827,664        NEW
                T9203(normal) run/alloc               41,982,752        NEW
                T9339(normal) run/alloc                   50,368        NEW
                T9848(normal) run/alloc                   51,296        NEW
             UniqLoop(normal) run/alloc              800,040,816        NEW
        haddock.Cabal(normal) run/alloc           22,216,711,512        NEW
         haddock.base(normal) run/alloc           38,709,735,376        NEW
     haddock.compiler(normal) run/alloc          173,599,797,944        NEW
              join002(optasm) run/alloc            2,000,050,408        NEW
              join003(optasm) run/alloc            2,000,050,408        NEW
              join004(optasm) run/alloc               16,050,312        NEW
              join007(optasm) run/alloc                   50,632        NEW
        lazy-bs-alloc(normal) run/alloc                  430,424        NEW
       space_leak_001(normal) run/alloc            9,066,688,024        NEW
                                                                           
                    geo. mean                                     +0.0%    


Metrics: compile_time/bytes allocated
-------------------------------------

                                              Baseline                          
                               Test    Metric    value      New value Change    
--------------------------------------------------------------------------------
                 CoOpt_Read(normal) ghc/alloc             767,521,728        NEW
           CoOpt_Singletons(normal) ghc/alloc             934,486,624        NEW
           InstanceMatching(normal) ghc/alloc           5,057,605,976        NEW
          InstanceMatching1(normal) ghc/alloc          27,489,634,280        NEW
                LargeRecord(normal) ghc/alloc           6,004,896,520        NEW
           ManyAlternatives(normal) ghc/alloc             716,197,656        NEW
           ManyConstructors(normal) ghc/alloc           3,905,588,224        NEW
      MultiComponentModules(normal) ghc/alloc           1,634,804,648        NEW
MultiComponentModulesRecomp(normal) ghc/alloc             624,000,160        NEW
          MultiLayerModules(normal) ghc/alloc           3,087,960,688        NEW
    MultiLayerModulesRecomp(normal) ghc/alloc             848,274,936        NEW
   MultiLayerModulesTH_Make(normal) ghc/alloc             613,357,216        NEW
MultiLayerModulesTH_OneShot(normal) ghc/alloc           2,519,330,936        NEW
                  PmSeriesG(normal) ghc/alloc              42,957,104        NEW
                  PmSeriesS(normal) ghc/alloc              52,165,912        NEW
                  PmSeriesT(normal) ghc/alloc              74,205,496        NEW
                  PmSeriesV(normal) ghc/alloc              51,437,400        NEW
                     T10421(normal) ghc/alloc             111,119,448        NEW
                    T10421a(normal) ghc/alloc              77,485,720        NEW
                     T10547(normal) ghc/alloc              27,679,744        NEW
                     T10858(normal) ghc/alloc             129,132,184        NEW
                     T11195(normal) ghc/alloc             226,858,456        NEW
                     T11276(normal) ghc/alloc              91,076,312        NEW
                    T11303b(normal) ghc/alloc              39,367,544        NEW
                     T11374(normal) ghc/alloc             187,155,672        NEW
                     T11545(normal) ghc/alloc              84,148,048        NEW
                     T11822(normal) ghc/alloc             103,344,328        NEW
                     T12150(optasm) ghc/alloc              78,142,936        NEW
                     T12227(normal) ghc/alloc             475,829,520        NEW
                     T12234(optasm) ghc/alloc              55,470,896        NEW
                     T12425(optasm) ghc/alloc              87,641,464        NEW
                     T12545(normal) ghc/alloc           1,666,587,600        NEW
                     T12707(normal) ghc/alloc             924,209,400        NEW
                     T13035(normal) ghc/alloc              99,240,056        NEW
                     T13056(optasm) ghc/alloc             342,706,864        NEW
                     T13253(normal) ghc/alloc             339,161,472        NEW
                 T13253-spj(normal) ghc/alloc             121,703,544        NEW
                     T13379(normal) ghc/alloc             337,987,832        NEW
                     T13386(normal) ghc/alloc             866,520,728        NEW
                     T13701(normal) ghc/alloc           2,408,963,376        NEW
                     T13719(normal) ghc/alloc           5,103,763,864        NEW
                       T14052(ghci) ghc/alloc           3,633,981,872        NEW
                   T14052Type(ghci) ghc/alloc           6,325,862,336        NEW
                     T14683(normal) ghc/alloc           2,844,964,200        NEW
                     T14697(normal) ghc/alloc             349,459,344        NEW
                     T15164(normal) ghc/alloc           1,185,696,776        NEW
                     T15304(normal) ghc/alloc           1,269,949,816        NEW
                     T15630(normal) ghc/alloc             158,525,064        NEW
                     T15703(normal) ghc/alloc             514,997,632        NEW
                     T16190(normal) ghc/alloc             271,487,008        NEW
                     T16577(normal) ghc/alloc           7,860,464,768        NEW
                     T16875(normal) ghc/alloc              34,055,208        NEW
                     T17096(normal) ghc/alloc             212,349,560        NEW
                     T17516(normal) ghc/alloc           1,752,041,288        NEW
                     T17836(normal) ghc/alloc             843,857,792        NEW
                    T17836b(normal) ghc/alloc              44,615,360        NEW
                     T17977(normal) ghc/alloc              39,321,936        NEW
                    T17977b(normal) ghc/alloc              37,117,712        NEW
                     T18140(normal) ghc/alloc              75,126,864        NEW
                     T18223(normal) ghc/alloc           1,149,705,608        NEW
                     T18282(normal) ghc/alloc             146,926,584        NEW
                     T18304(normal) ghc/alloc              75,238,792        NEW
                     T18478(normal) ghc/alloc             492,461,592        NEW
                    T18698a(normal) ghc/alloc             198,119,408        NEW
                    T18698b(normal) ghc/alloc             219,141,288        NEW
                     T18923(normal) ghc/alloc              66,033,344        NEW
                      T1969(normal) ghc/alloc             741,292,848        NEW
                     T19695(normal) ghc/alloc           1,437,442,648        NEW
                     T20049(normal) ghc/alloc              89,115,824        NEW
                     T20261(normal) ghc/alloc             592,857,288        NEW
                      T3064(normal) ghc/alloc             200,596,528        NEW
                      T3294(normal) ghc/alloc           1,604,123,456        NEW
                      T4801(normal) ghc/alloc             298,884,192        NEW
                      T5030(normal) ghc/alloc             348,631,272        NEW
                    T5321FD(normal) ghc/alloc             243,774,304        NEW
                   T5321Fun(normal) ghc/alloc             271,927,992        NEW
                      T5631(normal) ghc/alloc             533,196,568        NEW
                      T5642(normal) ghc/alloc             461,920,832        NEW
                      T5837(normal) ghc/alloc              35,043,032        NEW
                      T6048(optasm) ghc/alloc              99,286,448        NEW
                       T783(normal) ghc/alloc             375,686,360        NEW
                      T8095(normal) ghc/alloc           3,154,554,984        NEW
                      T9020(optasm) ghc/alloc             235,939,136        NEW
                      T9198(normal) ghc/alloc              44,956,808        NEW
                      T9233(normal) ghc/alloc             715,125,624        NEW
                      T9630(normal) ghc/alloc           1,464,799,008        NEW
                      T9675(optasm) ghc/alloc             435,914,928        NEW
                     T9872a(normal) ghc/alloc           1,673,157,528        NEW
                     T9872b(normal) ghc/alloc           1,919,598,552        NEW
               T9872b_defer(normal) ghc/alloc           2,952,690,856        NEW
                     T9872c(normal) ghc/alloc           1,631,863,696        NEW
                     T9872d(normal) ghc/alloc             397,874,664        NEW
                      T9961(normal) ghc/alloc             348,634,776        NEW
       TcPlugin_RewritePerf(normal) ghc/alloc           2,111,824,112        NEW
                      WWRec(normal) ghc/alloc             576,823,048        NEW
             hard_hole_fits(normal) ghc/alloc             452,607,840        NEW
                     hie002(normal) ghc/alloc           9,037,739,080        NEW
                 parsing001(normal) ghc/alloc             456,567,224        NEW
                                                                                
                          geo. mean                                    +0.0%    


Metrics: compile_time/peak_megabytes_allocated
----------------------------------------------

                                         Baseline                         
                           Test   Metric    value     New value Change    
--------------------------------------------------------------------------
MultiLayerModulesDefsGhci(ghci) ghc/peak                    185        NEW
  MultiLayerModulesNoCode(ghci) ghc/peak                    118        NEW
                 T10370(optasm) ghc/peak                     60        NEW
                 T11545(normal) ghc/peak                     28        NEW
                 T15304(normal) ghc/peak                     76        NEW
                 T15630(normal) ghc/peak                     25        NEW
                T18698a(normal) ghc/peak                     36        NEW
                T18698b(normal) ghc/peak                     37        NEW
                  T1969(normal) ghc/peak                     50        NEW
                 T20261(normal) ghc/peak                     92        NEW
                  T3064(normal) ghc/peak                     41        NEW
                  T3294(normal) ghc/peak                     88        NEW
                  T7702(normal) ghc/peak                     22        NEW
                  T9630(normal) ghc/peak                    110        NEW
                  T9675(optasm) ghc/peak                     42        NEW
                                                                          
                      geo. mean                                  +0.0%    


Metrics: compile_time/max_bytes_used
------------------------------------

                                        Baseline                         
                           Test  Metric    value     New value Change    
-------------------------------------------------------------------------
MultiLayerModulesDefsGhci(ghci) ghc/max             77,831,344        NEW
  MultiLayerModulesNoCode(ghci) ghc/max             44,641,224        NEW
                 T10370(optasm) ghc/max             23,531,808        NEW
                 T11545(normal) ghc/max             10,835,424        NEW
                 T15304(normal) ghc/max             29,889,112        NEW
                 T15630(normal) ghc/max              8,948,488        NEW
                T18698a(normal) ghc/max             13,703,256        NEW
                T18698b(normal) ghc/max             13,792,080        NEW
                  T1969(normal) ghc/max             19,053,112        NEW
                 T20261(normal) ghc/max             37,194,872        NEW
                  T3064(normal) ghc/max             19,015,704        NEW
                  T3294(normal) ghc/max             32,926,016        NEW
                  T9630(normal) ghc/max             43,458,952        NEW
                  T9675(optasm) ghc/max             16,431,512        NEW
                                                                         
                      geo. mean                                 +0.0%    


Metrics: runtime/peak_megabytes_allocated
-----------------------------------------

                                Baseline                         
                  Test   Metric    value     New value Change    
-----------------------------------------------------------------
   MethSharing(normal) run/peak                      2        NEW
        T12791(normal) run/peak                      2        NEW
        T13218(normal) run/peak                      2        NEW
         T2762(normal) run/peak                      2        NEW
         T3586(normal) run/peak                     18        NEW
         T3738(normal) run/peak                      2        NEW
           T4029(ghci) run/peak                     37        NEW
         T4334(normal) run/peak                      2        NEW
         T5835(normal) run/peak                      2        NEW
         T7257(normal) run/peak                    214        NEW
         T7436(normal) run/peak                      2        NEW
        T7436b(normal) run/peak                      2        NEW
         T7850(normal) run/peak                      3        NEW
 lazy-bs-alloc(normal) run/peak                      2        NEW
space_leak_001(normal) run/peak                      3        NEW
                                                                 
             geo. mean                                  +0.0%    


Metrics: runtime/max_bytes_used
-------------------------------

                               Baseline                         
                  Test  Metric    value     New value Change    
----------------------------------------------------------------
   MethSharing(normal) run/max                 44,328        NEW
        T12791(normal) run/max                289,472        NEW
        T13218(normal) run/max                365,272        NEW
         T2762(normal) run/max                 35,984        NEW
         T3474(normal) run/max                 44,328        NEW
         T3586(normal) run/max                 44,328        NEW
         T3738(normal) run/max                 44,328        NEW
           T4029(ghci) run/max             14,816,472        NEW
         T4334(normal) run/max                 60,680        NEW
         T5835(normal) run/max                289,472        NEW
         T7257(normal) run/max            209,871,192        NEW
         T7436(normal) run/max                 60,152        NEW
        T7436b(normal) run/max                 44,328        NEW
         T7850(normal) run/max              1,108,656        NEW
 lazy-bs-alloc(normal) run/max                 44,792        NEW
space_leak_001(normal) run/max                463,320        NEW
                                                                
             geo. mean                                 +0.0%    



Missing Baseline Metrics these metrics trivially pass because a baseline (expected value) cannot be recovered from previous git commits. This may be due to HEAD having new tests or having expected changes, the presence of expected changes since the last run of the tests, and/or the latest test run being too old.
       T7702 ManyAlternatives T11822 T9872b_defer T6048 InlineCloneArrayAlloc T7619 DeriveNull T3738 T5949 T4474c T17499 T3064 T10370 PmSeriesV join003 T3924 T12707 T18698a T9198 MultiLayerModules T7797 T14683 parsing001 T12227 InstanceMatching T13379 T12996 T15226 T4029 T3474 T14955 T783 T4830 T4334 UniqLoop hard_hole_fits space_leak_001 T4801 T16577 T18223 T15426 T10421 T12990 T14052Type T18698b T11276 T9872a T15226a T17977b T5237 T13719 T9961 T876 WWRec MethSharing T7436b T15578 MultiLayerModulesDefsGhci T5536 T9872d T9339 T9872b T13191 T18923 T3586 T8763 T18574 MultiComponentModules MultiLayerModulesNoCode T13056 T7436 T15263 T1969 T18304 PmSeriesG PmSeriesT T5321FD T9233 T20261 T14936 T15185 PmSeriesS T14697 T5631 LargeRecord MultiLayerModulesRecomp T17516 T20049 T12425 T16190 T13701 T13035 T13253-spj T4978 T18140 CoOpt_Read MultiLayerModulesTH_OneShot T16473 T11303b join007 T5642 T13536a T9630 ManyConstructors T13218 T12234 InstanceMatching1 haddock.Cabal join002 T9203 T12791 haddock.compiler T11545 T5113 T5030 T14052 T12150 T13386 T9675 T10421a T16875 T5835 T7850 T2762 hie002 T12545 lazy-bs-alloc InlineArrayAlloc T13253 T17836 T10359 T17977 CoOpt_Singletons T3294 MultiLayerModulesTH_Make T4474b T7954 T8766 T9020 T18282 T17836b T4474a T13001 T10547 T8472 Conversions T8095 T5321Fun T9848 T7257 T17123 T15304 T5837 InlineByteArrayAlloc haddock.base T13623 T19347 T11374 T17096 MultiComponentModulesRecomp T5549 T4267 T11195 T19695 T10858 T5205 T10678 T15703 join004 T15164 T9872c TcPlugin_RewritePerf T15630 T18478

If the tests exist on the previous commit (And are configured to run with the same ways), then check out that commit and run the tests to generate the missing metrics. Alternatively, a baseline may be recovered from ci results once fetched:

       git fetch https://gitlab.haskell.org/ghc/ghc-performance-notes.git refs/notes/perf:refs/notes/ci/perf

Unexpected results from:
TEST="T16992"

SUMMARY for test run started at Thu Dec  7 22:36:07 2023 
3:29:51.914384 spent to go through
    9049 total tests, which gave rise to
   45317 test cases, of which
   31789 were skipped
       0 had missing libraries

    9560 expected passes
     105 expected failures

       0 caused framework failures
       0 caused framework warnings
       0 unexpected passes
       2 unexpected failures
       0 unexpected stat failures
      22 fragile tests

Unexpected failures:
   /tmp/ghctest-zndas13m/test   spaces/libraries/ghc-compact/tests/T16992.run  T16992 [bad exit code (137)] (compacting_gc)
   /tmp/ghctest-zndas13m/test   spaces/libraries/ghc-compact/tests/T16992.run  T16992 [bad exit code (137)] (normal)


Performance Metrics NOT Saved working tree is dirty. Commit changes or use --metrics-file to save metrics to a file.
